// Jest Snapshot v1, https://goo.gl/fbAQLP

exports[`DemoBox loads 1`] = `
<div>
  woot
</div>
`;
